// Jest Snapshot v1, https://goo.gl/fbAQLP

exports[`getChatLog() should match snapshot 1`] = `
Array [
  Object {
    "avatar": null,
    "email": "abakera@craigslist.org",
    "fullName": "Amanda Baker",
    "message": "Nulla tempus. Vivamus in felis eu sapien cursus vestibulum. Proin eu mi.",
    "messageId": "fa0ca158-42ae-435d-8c32-13f4cb7b8de8",
    "timestamp": "2016-02-24T00:01:28Z",
    "userId": "73f30d93-f87b-45ea-bda5-60fa4b3716b5",
  },
  Object {
    "avatar": "http://dummyimage.com/100x100.jpg/dddddd/000000",
    "email": "awilliams8@indiegogo.com",
    "fullName": "Aaron Williams",
    "message": "Quisque ut erat. Curabitur gravida nisi at nibh.",
    "messageId": "555f4e1b-90a6-4079-850d-54001f29ce44",
    "timestamp": "2016-02-26T10:05:17Z",
    "userId": "c980934a-f54e-459e-8137-0ec3654cdafb",
  },
  Object {
    "avatar": "http://dummyimage.com/100x100.bmp/cc0000/ffffff",
    "email": "hharrisonj@github.io",
    "fullName": "Henry Harrison",
    "message": "Integer tincidunt ante vel ipsum. Praesent blandit lacinia erat. Vestibulum sed magna at nunc commodo placerat.",
    "messageId": "c4e9dc15-8051-4e30-832f-3dc588aada74",
    "timestamp": "2016-03-01T17:58:25Z",
    "userId": "0d9496c4-2490-40e6-a0c3-0964e371f1ab",
  },
  Object {
    "avatar": "http://dummyimage.com/100x100.png/ff4444/ffffff",
    "email": "phowell15@nymag.com",
    "fullName": "Philip Howell",
    "message": "Vivamus in felis eu sapien cursus vestibulum. Proin eu mi. Nulla ac enim.",
    "messageId": "d3ae420e-0e93-44e6-adaa-2a1b07fae232",
    "timestamp": "2016-03-02T00:10:08Z",
    "userId": "fb587e3a-c189-4f29-b847-6b063bae0d0e",
  },
  Object {
    "avatar": null,
    "email": "bpierce17@homestead.com",
    "fullName": "Benjamin Pierce",
    "message": "Vivamus in felis eu sapien cursus vestibulum. Proin eu mi.",
    "messageId": "35594652-8c94-404d-bba4-831caff2e5c9",
    "timestamp": "2016-03-04T10:14:19Z",
    "userId": "898fc6d4-5706-44d2-b1f3-eb8908e8a3c3",
  },
  Object {
    "avatar": "http://dummyimage.com/100x100.bmp/ff4444/ffffff",
    "email": "phenryt@pen.io",
    "fullName": "Peter Henry",
    "message": "Cras non velit nec nisi vulputate nonummy.",
    "messageId": "8fe34649-702c-4e6b-8129-fa12d8341e91",
    "timestamp": "2016-03-08T20:11:54Z",
    "userId": "0080f744-e793-4b5e-97ee-8e8413b6d452",
  },
  Object {
    "avatar": null,
    "email": "jbaileyb@1688.com",
    "fullName": "Jane Bailey",
    "message": "In congue. Etiam justo. Etiam pretium iaculis justo.",
    "messageId": "492a09e9-c764-4322-a22c-c58a582c3a7a",
    "timestamp": "2016-03-13T03:21:52Z",
    "userId": "b46cf9e7-9757-4cb9-a9a3-e842bd3af1ba",
  },
  Object {
    "avatar": null,
    "email": "abrowny@flickr.com",
    "fullName": "Annie Brown",
    "message": "Cras mi pede, malesuada in, imperdiet et, commodo vulputate, justo.",
    "messageId": "6032e855-eec7-4403-a5af-fe62dd2361d3",
    "timestamp": "2016-03-14T09:32:47Z",
    "userId": "accc20d4-ce4c-451b-8548-e1a5ce1ce623",
  },
  Object {
    "avatar": null,
    "email": "bpierce17@homestead.com",
    "fullName": "Benjamin Pierce",
    "message": "Pellentesque ultrices mattis odio. Donec vitae nisi.",
    "messageId": "9c923d4b-3de7-49e5-ba24-710996cf1112",
    "timestamp": "2016-03-15T20:24:57Z",
    "userId": "898fc6d4-5706-44d2-b1f3-eb8908e8a3c3",
  },
  Object {
    "avatar": "http://dummyimage.com/100x100.bmp/5fa2dd/ffffff",
    "email": "pharperr@who.int",
    "fullName": "Phillip Harper",
    "message": "Nullam molestie nibh in lectus. Pellentesque at nulla.",
    "messageId": "cf4ea07e-f6b9-4fae-b01b-70c4aa035f93",
    "timestamp": "2016-03-17T16:12:13Z",
    "userId": "77ad1a54-6433-4078-ac49-8caa6f5a786a",
  },
  Object {
    "avatar": null,
    "email": "lwheeler7@harvard.edu",
    "fullName": "Lois Wheeler",
    "message": "Vestibulum quam sapien, varius ut, blandit non, interdum in, ante.",
    "messageId": "75ebf4b8-a63b-48d3-b348-b67e6e898b55",
    "timestamp": "2016-03-17T16:30:19Z",
    "userId": "0bdd3633-d683-432d-add1-4c0d4f841ec3",
  },
  Object {
    "avatar": "http://dummyimage.com/100x100.bmp/cc0000/ffffff",
    "email": "cgreenx@ftc.gov",
    "fullName": "Carl Green",
    "message": "Duis consequat dui nec nisi volutpat eleifend. Donec ut dolor.",
    "messageId": "7ee2784d-526f-4d08-af6d-4624b33811c2",
    "timestamp": "2016-03-19T04:36:05Z",
    "userId": "997fd037-2ab6-4490-aedf-263b7cd7ece3",
  },
  Object {
    "avatar": null,
    "email": "bpierce17@homestead.com",
    "fullName": "Benjamin Pierce",
    "message": "Duis bibendum, felis sed interdum venenatis, turpis enim blandit mi, in porttitor pede justo eu massa. Donec dapibus.",
    "messageId": "e2a7b937-e7cc-4965-8ac5-9da7da23da35",
    "timestamp": "2016-03-19T20:12:15Z",
    "userId": "898fc6d4-5706-44d2-b1f3-eb8908e8a3c3",
  },
  Object {
    "avatar": "http://dummyimage.com/100x100.png/ff4444/ffffff",
    "email": "phowell15@nymag.com",
    "fullName": "Philip Howell",
    "message": "Donec vitae nisi. Nam ultrices, libero non mattis pulvinar, nulla pede ullamcorper augue, a suscipit nulla elit ac nulla. Sed vel enim sit amet nunc viverra dapibus.",
    "messageId": "89fc0aa7-9a19-42fd-8fec-e3b396c314ad",
    "timestamp": "2016-03-22T09:52:34Z",
    "userId": "fb587e3a-c189-4f29-b847-6b063bae0d0e",
  },
  Object {
    "avatar": "http://dummyimage.com/100x100.png/5fa2dd/ffffff",
    "email": "mbradley0@google.it",
    "fullName": "Martin Bradley",
    "message": "Morbi vestibulum, velit id pretium iaculis, diam erat fermentum justo, nec condimentum neque sapien placerat ante.",
    "messageId": "6750eee3-35ac-41af-a0a1-7788e753fbf9",
    "timestamp": "2016-03-25T23:01:20Z",
    "userId": "e837c9f5-247f-445f-bcc3-7d434348336b",
  },
  Object {
    "avatar": "http://dummyimage.com/100x100.png/ff4444/ffffff",
    "email": "wgonzalezz@va.gov",
    "fullName": "Wanda Gonzalez",
    "message": "Duis consequat dui nec nisi volutpat eleifend. Donec ut dolor.",
    "messageId": "e43143cb-afe2-4e4d-80f5-e7b04b3d44c0",
    "timestamp": "2016-04-02T15:58:08Z",
    "userId": "7d4b8f6d-dcc1-4439-9571-e68022f7dafe",
  },
  Object {
    "avatar": "http://dummyimage.com/100x100.png/cc0000/ffffff",
    "email": "dmurphyq@oracle.com",
    "fullName": "Doris Murphy",
    "message": "Nulla justo. Aliquam quis turpis eget elit sodales scelerisque. Mauris sit amet eros.",
    "messageId": "1357a8ca-e956-455f-9929-07911e8d672a",
    "timestamp": "2016-04-06T15:46:58Z",
    "userId": "d6b9f683-84fe-4296-b55b-40ee0a77d54c",
  },
  Object {
    "avatar": "http://dummyimage.com/100x100.png/ff4444/ffffff",
    "email": "mandrews4@google.it",
    "fullName": "Marilyn Andrews",
    "message": "Nunc purus.",
    "messageId": "c7252640-af98-442a-9dcd-ddc5e789238a",
    "timestamp": "2016-04-07T10:20:42Z",
    "userId": "d18b107b-6874-49bd-94c0-4d830fc7eaed",
  },
  Object {
    "avatar": "http://dummyimage.com/100x100.png/ff4444/ffffff",
    "email": "mandrews4@google.it",
    "fullName": "Marilyn Andrews",
    "message": "Donec ut mauris eget massa tempor convallis.",
    "messageId": "bd9d6bc9-5231-44de-aadc-a4a0ab6eba7c",
    "timestamp": "2016-04-14T08:26:37Z",
    "userId": "d18b107b-6874-49bd-94c0-4d830fc7eaed",
  },
  Object {
    "avatar": "http://dummyimage.com/100x100.jpg/dddddd/000000",
    "email": "jgomezh@cdc.gov",
    "fullName": "Jeremy Gomez",
    "message": "Aenean auctor gravida sem. Praesent id massa id nisl venenatis lacinia.",
    "messageId": "22a454b1-6659-400f-aa77-eaae34a77118",
    "timestamp": "2016-04-14T16:53:55Z",
    "userId": "205c9b7a-345d-4aa2-9e4c-56f05f72bbe8",
  },
  Object {
    "avatar": null,
    "email": "bpierce17@homestead.com",
    "fullName": "Benjamin Pierce",
    "message": "Quisque erat eros, viverra eget, congue eget, semper rutrum, nulla. Nunc purus.",
    "messageId": "b66fc1c2-8afc-4122-b3c1-550c8d46149e",
    "timestamp": "2016-04-20T14:33:39Z",
    "userId": "898fc6d4-5706-44d2-b1f3-eb8908e8a3c3",
  },
  Object {
    "avatar": "http://dummyimage.com/100x100.png/dddddd/000000",
    "email": "mmurrayk@wikimedia.org",
    "fullName": "Melissa Murray",
    "message": "Cum sociis natoque penatibus et magnis dis parturient montes, nascetur ridiculus mus.",
    "messageId": "70911c64-14c9-4c64-a742-ec0c0e507feb",
    "timestamp": "2016-05-04T13:55:52Z",
    "userId": "3da46271-e3fa-4317-ac29-81ece07ce6c0",
  },
  Object {
    "avatar": "http://dummyimage.com/100x100.bmp/ff4444/ffffff",
    "email": "shenryd@va.gov",
    "fullName": "Sara Henry",
    "message": "Nullam orci pede, venenatis non, sodales sed, tincidunt eu, felis. Fusce posuere felis sed lacus. Morbi sem mauris, laoreet ut, rhoncus aliquet, pulvinar sed, nisl.",
    "messageId": "6fdb7804-ce6b-4062-b13d-253d3dde8048",
    "timestamp": "2016-05-09T07:36:46Z",
    "userId": "2984bb94-d4ad-4f51-8885-757e42b19fc9",
  },
  Object {
    "avatar": "http://dummyimage.com/100x100.bmp/5fa2dd/ffffff",
    "email": "sshaw1c@naver.com",
    "fullName": "Sara Shaw",
    "message": "Nulla ut erat id mauris vulputate elementum. Nullam varius.",
    "messageId": "fbfecc44-bb23-43ee-9227-abb774bdfa84",
    "timestamp": "2016-05-16T03:32:41Z",
    "userId": "ca7fe54f-c348-4d5f-a2ff-2462e82b9377",
  },
  Object {
    "avatar": "http://dummyimage.com/100x100.png/cc0000/ffffff",
    "email": "dmurphyq@oracle.com",
    "fullName": "Doris Murphy",
    "message": "Maecenas ut massa quis augue luctus tincidunt. Nulla mollis molestie lorem. Quisque ut erat.",
    "messageId": "b0bbcee1-230a-45f9-8d6c-acc11b6380e4",
    "timestamp": "2016-05-24T02:09:07Z",
    "userId": "d6b9f683-84fe-4296-b55b-40ee0a77d54c",
  },
  Object {
    "avatar": "http://dummyimage.com/100x100.bmp/5fa2dd/ffffff",
    "email": "pharperr@who.int",
    "fullName": "Phillip Harper",
    "message": "Pellentesque ultrices mattis odio. Donec vitae nisi.",
    "messageId": "e8e63978-2e3d-4fe0-b64f-75c8537c0b83",
    "timestamp": "2016-05-24T12:27:48Z",
    "userId": "77ad1a54-6433-4078-ac49-8caa6f5a786a",
  },
  Object {
    "avatar": "http://dummyimage.com/100x100.jpg/dddddd/000000",
    "email": "kharveyn@google.nl",
    "fullName": "Kevin Harvey",
    "message": "Suspendisse potenti. Cras in purus eu magna vulputate luctus.",
    "messageId": "0314a50e-6715-41d5-8634-06ec0195e821",
    "timestamp": "2016-05-27T11:36:55Z",
    "userId": "3ccb5cd1-bfc4-4c9d-92ac-f9e88882c269",
  },
  Object {
    "avatar": "http://dummyimage.com/100x100.jpg/dddddd/000000",
    "email": "treyesg@dmoz.org",
    "fullName": "Todd Reyes",
    "message": "Morbi odio odio, elementum eu, interdum eu, tincidunt in, leo.",
    "messageId": "0d2ab9c7-f2cb-420a-80da-06686b91e8e2",
    "timestamp": "2016-06-02T05:19:55Z",
    "userId": "ba645991-1ab6-491c-8f09-9fe179e1645f",
  },
  Object {
    "avatar": "http://dummyimage.com/100x100.jpg/5fa2dd/ffffff",
    "email": "phoward12@chronoengine.com",
    "fullName": "Peter Howard",
    "message": "Suspendisse potenti.",
    "messageId": "3a59859e-33f1-4c2b-a636-1f119c484dc8",
    "timestamp": "2016-06-03T20:24:29Z",
    "userId": "976c4919-a8b4-4807-bebb-84ca8448be32",
  },
  Object {
    "avatar": "http://dummyimage.com/100x100.bmp/ff4444/ffffff",
    "email": "phenryt@pen.io",
    "fullName": "Peter Henry",
    "message": "Nulla neque libero, convallis eget, eleifend luctus, ultricies eu, nibh. Quisque id justo sit amet sapien dignissim vestibulum.",
    "messageId": "0d8538d0-2c78-4ca7-93f3-a284ef6a2cac",
    "timestamp": "2016-06-03T21:16:05Z",
    "userId": "0080f744-e793-4b5e-97ee-8e8413b6d452",
  },
  Object {
    "avatar": null,
    "email": "abakera@craigslist.org",
    "fullName": "Amanda Baker",
    "message": "Aliquam non mauris. Morbi non lectus.",
    "messageId": "3bb2fe9a-fd04-44ae-a183-95bc356d1be3",
    "timestamp": "2016-06-05T22:13:40Z",
    "userId": "73f30d93-f87b-45ea-bda5-60fa4b3716b5",
  },
  Object {
    "avatar": null,
    "email": "afreeman14@state.gov",
    "fullName": "Anna Freeman",
    "message": "Nulla tempus. Vivamus in felis eu sapien cursus vestibulum. Proin eu mi.",
    "messageId": "185b63ce-fe1e-45a8-bcbd-b9857fd817d9",
    "timestamp": "2016-06-07T15:04:32Z",
    "userId": "65bc5c87-911b-4a50-bf2c-38aca58680af",
  },
  Object {
    "avatar": "http://dummyimage.com/100x100.jpg/dddddd/000000",
    "email": "kharveyn@google.nl",
    "fullName": "Kevin Harvey",
    "message": "Nam nulla.",
    "messageId": "18a18a75-dad6-472c-a446-b5328503ef7b",
    "timestamp": "2016-06-23T02:01:28Z",
    "userId": "3ccb5cd1-bfc4-4c9d-92ac-f9e88882c269",
  },
  Object {
    "avatar": null,
    "email": "bpierce17@homestead.com",
    "fullName": "Benjamin Pierce",
    "message": "In hac habitasse platea dictumst. Morbi vestibulum, velit id pretium iaculis, diam erat fermentum justo, nec condimentum neque sapien placerat ante. Nulla justo.",
    "messageId": "744a6aed-7752-4e13-9eba-a7030e4db4c6",
    "timestamp": "2016-06-26T21:21:05Z",
    "userId": "898fc6d4-5706-44d2-b1f3-eb8908e8a3c3",
  },
  Object {
    "avatar": "http://dummyimage.com/100x100.jpg/dddddd/000000",
    "email": "jgomezh@cdc.gov",
    "fullName": "Jeremy Gomez",
    "message": "Phasellus in felis. Donec semper sapien a libero.",
    "messageId": "ce85b606-4291-4177-8947-fe6faabf2d53",
    "timestamp": "2016-07-12T13:55:27Z",
    "userId": "205c9b7a-345d-4aa2-9e4c-56f05f72bbe8",
  },
  Object {
    "avatar": "http://dummyimage.com/100x100.jpg/5fa2dd/ffffff",
    "email": "arosec@bbb.org",
    "fullName": "Albert Rose",
    "message": "Donec dapibus. Duis at velit eu est congue elementum.",
    "messageId": "cbc1dc3f-9e44-49f3-b6f6-3ced954b1d89",
    "timestamp": "2016-08-01T07:02:23Z",
    "userId": "fe27b760-a915-475c-80bb-7cdf14cc6ef3",
  },
  Object {
    "avatar": "http://dummyimage.com/100x100.bmp/5fa2dd/ffffff",
    "email": "sshaw1c@naver.com",
    "fullName": "Sara Shaw",
    "message": "In eleifend quam a odio.",
    "messageId": "a53c123e-6096-4dbd-88c5-32bb2acd6c91",
    "timestamp": "2016-08-07T08:12:44Z",
    "userId": "ca7fe54f-c348-4d5f-a2ff-2462e82b9377",
  },
  Object {
    "avatar": "http://dummyimage.com/100x100.jpg/dddddd/000000",
    "email": "treyesg@dmoz.org",
    "fullName": "Todd Reyes",
    "message": "Lorem ipsum dolor sit amet, consectetuer adipiscing elit. Proin interdum mauris non ligula pellentesque ultrices.",
    "messageId": "ab791424-39a6-410e-8082-c096c673c645",
    "timestamp": "2016-08-10T14:18:39Z",
    "userId": "ba645991-1ab6-491c-8f09-9fe179e1645f",
  },
  Object {
    "avatar": "http://dummyimage.com/100x100.jpg/cc0000/ffffff",
    "email": "jrogers5@chron.com",
    "fullName": "James Rogers",
    "message": "Vestibulum ante ipsum primis in faucibus orci luctus et ultrices posuere cubilia Curae; Mauris viverra diam vitae quam. Suspendisse potenti.",
    "messageId": "1d4bbb95-1b6b-4b68-a432-d3e0d3ab0c6c",
    "timestamp": "2016-08-11T13:32:45Z",
    "userId": "21f4beef-251c-4a9e-aace-20e68abb27e8",
  },
  Object {
    "avatar": "http://dummyimage.com/100x100.png/dddddd/000000",
    "email": "mmurrayk@wikimedia.org",
    "fullName": "Melissa Murray",
    "message": "Maecenas tristique, est et tempus semper, est quam pharetra magna, ac consequat metus sapien ut nunc.",
    "messageId": "313ea059-55cd-42fd-a805-0efff72d75b6",
    "timestamp": "2016-08-13T21:44:14Z",
    "userId": "3da46271-e3fa-4317-ac29-81ece07ce6c0",
  },
  Object {
    "avatar": "http://dummyimage.com/100x100.png/cc0000/ffffff",
    "email": "dmurphyq@oracle.com",
    "fullName": "Doris Murphy",
    "message": "In blandit ultrices enim.",
    "messageId": "05a309c1-8683-4791-96f8-320e99942213",
    "timestamp": "2016-08-18T14:46:45Z",
    "userId": "d6b9f683-84fe-4296-b55b-40ee0a77d54c",
  },
  Object {
    "avatar": null,
    "email": "afreeman14@state.gov",
    "fullName": "Anna Freeman",
    "message": "Vestibulum ante ipsum primis in faucibus orci luctus et ultrices posuere cubilia Curae; Mauris viverra diam vitae quam. Suspendisse potenti.",
    "messageId": "b805b99b-67ee-4bf0-8650-86c30ce8a0fb",
    "timestamp": "2016-08-19T02:51:39Z",
    "userId": "65bc5c87-911b-4a50-bf2c-38aca58680af",
  },
  Object {
    "avatar": "http://dummyimage.com/100x100.jpg/dddddd/000000",
    "email": "kharveyn@google.nl",
    "fullName": "Kevin Harvey",
    "message": "Nulla tellus.",
    "messageId": "a834b3a0-772c-44ba-9edc-5afbadbf0906",
    "timestamp": "2016-08-19T07:05:14Z",
    "userId": "3ccb5cd1-bfc4-4c9d-92ac-f9e88882c269",
  },
  Object {
    "avatar": "http://dummyimage.com/100x100.png/dddddd/000000",
    "email": "mmurrayk@wikimedia.org",
    "fullName": "Melissa Murray",
    "message": "Curabitur in libero ut massa volutpat convallis. Morbi odio odio, elementum eu, interdum eu, tincidunt in, leo.",
    "messageId": "683078d5-0278-4077-b1c1-98498f84f928",
    "timestamp": "2016-08-19T08:43:19Z",
    "userId": "3da46271-e3fa-4317-ac29-81ece07ce6c0",
  },
  Object {
    "avatar": "http://dummyimage.com/100x100.png/dddddd/000000",
    "email": "rnguyen6@odnoklassniki.ru",
    "fullName": "Ralph Nguyen",
    "message": "Morbi non lectus. Aliquam sit amet diam in magna bibendum imperdiet.",
    "messageId": "1469e146-075f-46d2-888b-8d3152da1be9",
    "timestamp": "2016-08-21T02:55:32Z",
    "userId": "cff77726-363e-4ba6-a953-4dc431cdd383",
  },
  Object {
    "avatar": "http://dummyimage.com/100x100.bmp/5fa2dd/ffffff",
    "email": "sshaw1c@naver.com",
    "fullName": "Sara Shaw",
    "message": "Nullam orci pede, venenatis non, sodales sed, tincidunt eu, felis. Fusce posuere felis sed lacus. Morbi sem mauris, laoreet ut, rhoncus aliquet, pulvinar sed, nisl.",
    "messageId": "00d6879c-f3dd-41f2-b1f6-f691ac9a1a9e",
    "timestamp": "2016-08-28T09:33:56Z",
    "userId": "ca7fe54f-c348-4d5f-a2ff-2462e82b9377",
  },
  Object {
    "avatar": "http://dummyimage.com/100x100.jpg/5fa2dd/ffffff",
    "email": "arosec@bbb.org",
    "fullName": "Albert Rose",
    "message": "Nullam varius. Nulla facilisi.",
    "messageId": "c957c95d-3145-409f-ac23-16092974260a",
    "timestamp": "2016-08-30T11:09:51Z",
    "userId": "fe27b760-a915-475c-80bb-7cdf14cc6ef3",
  },
  Object {
    "avatar": "http://dummyimage.com/100x100.png/cc0000/ffffff",
    "email": "dmurphyq@oracle.com",
    "fullName": "Doris Murphy",
    "message": "Donec ut dolor. Morbi vel lectus in quam fringilla rhoncus.",
    "messageId": "5995941f-6fc2-430a-a968-bf4e4c418bd1",
    "timestamp": "2016-09-02T06:14:24Z",
    "userId": "d6b9f683-84fe-4296-b55b-40ee0a77d54c",
  },
  Object {
    "avatar": "http://dummyimage.com/100x100.jpg/dddddd/000000",
    "email": "awilliams8@indiegogo.com",
    "fullName": "Aaron Williams",
    "message": "Quisque porta volutpat erat. Quisque erat eros, viverra eget, congue eget, semper rutrum, nulla.",
    "messageId": "0472536f-0bce-4162-abdf-f63fdf734af4",
    "timestamp": "2016-09-05T04:34:29Z",
    "userId": "c980934a-f54e-459e-8137-0ec3654cdafb",
  },
  Object {
    "avatar": "http://dummyimage.com/100x100.bmp/cc0000/ffffff",
    "email": "cgreenx@ftc.gov",
    "fullName": "Carl Green",
    "message": "Proin at turpis a pede posuere nonummy. Integer non velit.",
    "messageId": "19bc21d3-5057-472f-a675-2e2d246d3998",
    "timestamp": "2016-09-05T17:23:02Z",
    "userId": "997fd037-2ab6-4490-aedf-263b7cd7ece3",
  },
  Object {
    "avatar": null,
    "email": "dfowlerf@stanford.edu",
    "fullName": "Denise Fowler",
    "message": "Suspendisse accumsan tortor quis turpis. Sed ante. Vivamus tortor.",
    "messageId": "91fdcdbc-88f7-411c-b7e0-b297fd91ff5e",
    "timestamp": "2016-09-06T01:09:23Z",
    "userId": "53153c91-9365-4b8f-b6ca-374c13ca57bc",
  },
  Object {
    "avatar": "http://dummyimage.com/100x100.bmp/5fa2dd/ffffff",
    "email": "sshaw1c@naver.com",
    "fullName": "Sara Shaw",
    "message": "In tempor, turpis nec euismod scelerisque, quam turpis adipiscing lorem, vitae mattis nibh ligula nec sem. Duis aliquam convallis nunc.",
    "messageId": "cb4b650e-e6ca-4364-9396-c50f4b5ac135",
    "timestamp": "2016-09-06T14:55:22Z",
    "userId": "ca7fe54f-c348-4d5f-a2ff-2462e82b9377",
  },
  Object {
    "avatar": "http://dummyimage.com/100x100.jpg/cc0000/ffffff",
    "email": "jrogers5@chron.com",
    "fullName": "James Rogers",
    "message": "Cras non velit nec nisi vulputate nonummy.",
    "messageId": "9199cc5d-1dd8-4e70-9221-44b19c26f6c8",
    "timestamp": "2016-09-08T07:48:36Z",
    "userId": "21f4beef-251c-4a9e-aace-20e68abb27e8",
  },
  Object {
    "avatar": null,
    "email": "bhill11@java.com",
    "fullName": "Betty Hill",
    "message": "Nunc rhoncus dui vel sem.",
    "messageId": "fa94a88c-35bb-4a22-baa8-19910a883a6b",
    "timestamp": "2016-09-09T05:04:05Z",
    "userId": "25bc59fd-1832-4eb4-964b-ff319e763494",
  },
  Object {
    "avatar": "http://dummyimage.com/100x100.bmp/5fa2dd/ffffff",
    "email": "pharperr@who.int",
    "fullName": "Phillip Harper",
    "message": "Morbi sem mauris, laoreet ut, rhoncus aliquet, pulvinar sed, nisl. Nunc rhoncus dui vel sem.",
    "messageId": "d1f65e19-76f4-4a99-9b5a-c5ab4e0b981c",
    "timestamp": "2016-09-11T21:18:00Z",
    "userId": "77ad1a54-6433-4078-ac49-8caa6f5a786a",
  },
  Object {
    "avatar": "http://dummyimage.com/100x100.bmp/cc0000/ffffff",
    "email": "hharrisonj@github.io",
    "fullName": "Henry Harrison",
    "message": "Vestibulum rutrum rutrum neque.",
    "messageId": "79a48727-0e75-49c0-843f-ef80a2bd4f11",
    "timestamp": "2016-09-13T15:19:07Z",
    "userId": "0d9496c4-2490-40e6-a0c3-0964e371f1ab",
  },
  Object {
    "avatar": "http://dummyimage.com/100x100.bmp/ff4444/ffffff",
    "email": "shenryd@va.gov",
    "fullName": "Sara Henry",
    "message": "In hac habitasse platea dictumst. Morbi vestibulum, velit id pretium iaculis, diam erat fermentum justo, nec condimentum neque sapien placerat ante.",
    "messageId": "0b971ce3-85de-42a1-8b36-6d5ffd6df57c",
    "timestamp": "2016-09-15T09:28:18Z",
    "userId": "2984bb94-d4ad-4f51-8885-757e42b19fc9",
  },
  Object {
    "avatar": null,
    "email": "bpierce17@homestead.com",
    "fullName": "Benjamin Pierce",
    "message": "Nunc rhoncus dui vel sem. Sed sagittis. Nam congue, risus semper porta volutpat, quam pede lobortis ligula, sit amet eleifend pede libero quis orci.",
    "messageId": "945da807-f6b9-4aa8-8baf-156c9061e00a",
    "timestamp": "2016-09-16T07:50:43Z",
    "userId": "898fc6d4-5706-44d2-b1f3-eb8908e8a3c3",
  },
  Object {
    "avatar": null,
    "email": "bpierce17@homestead.com",
    "fullName": "Benjamin Pierce",
    "message": "Donec ut mauris eget massa tempor convallis. Nulla neque libero, convallis eget, eleifend luctus, ultricies eu, nibh. Quisque id justo sit amet sapien dignissim vestibulum.",
    "messageId": "6a7017bd-f504-437b-a155-e3ec5109edda",
    "timestamp": "2016-09-16T12:54:29Z",
    "userId": "898fc6d4-5706-44d2-b1f3-eb8908e8a3c3",
  },
  Object {
    "avatar": null,
    "email": "afreeman14@state.gov",
    "fullName": "Anna Freeman",
    "message": "Nulla neque libero, convallis eget, eleifend luctus, ultricies eu, nibh.",
    "messageId": "640624ae-ab85-4c93-b7f9-741bb9c4e349",
    "timestamp": "2016-09-18T22:22:26Z",
    "userId": "65bc5c87-911b-4a50-bf2c-38aca58680af",
  },
  Object {
    "avatar": null,
    "email": "abrowny@flickr.com",
    "fullName": "Annie Brown",
    "message": "Fusce posuere felis sed lacus. Morbi sem mauris, laoreet ut, rhoncus aliquet, pulvinar sed, nisl.",
    "messageId": "05fd852f-9219-4203-990f-7be51992b7b4",
    "timestamp": "2016-09-22T17:47:21Z",
    "userId": "accc20d4-ce4c-451b-8548-e1a5ce1ce623",
  },
  Object {
    "avatar": "http://dummyimage.com/100x100.jpg/dddddd/000000",
    "email": "treyesg@dmoz.org",
    "fullName": "Todd Reyes",
    "message": "Quisque arcu libero, rutrum ac, lobortis vel, dapibus at, diam.",
    "messageId": "96c376d2-1433-4690-b1d8-bd27717c66e6",
    "timestamp": "2016-09-27T16:08:30Z",
    "userId": "ba645991-1ab6-491c-8f09-9fe179e1645f",
  },
  Object {
    "avatar": null,
    "email": "abrowny@flickr.com",
    "fullName": "Annie Brown",
    "message": "Suspendisse ornare consequat lectus. In est risus, auctor sed, tristique in, tempus sit amet, sem. Fusce consequat.",
    "messageId": "33881ebe-222a-4178-bd8d-39a83644670b",
    "timestamp": "2016-09-30T12:23:23Z",
    "userId": "accc20d4-ce4c-451b-8548-e1a5ce1ce623",
  },
  Object {
    "avatar": "http://dummyimage.com/100x100.png/ff4444/ffffff",
    "email": "mandrews4@google.it",
    "fullName": "Marilyn Andrews",
    "message": "Morbi sem mauris, laoreet ut, rhoncus aliquet, pulvinar sed, nisl. Nunc rhoncus dui vel sem.",
    "messageId": "62885238-50d0-42f4-9333-08f6b730ef25",
    "timestamp": "2016-10-03T20:15:39Z",
    "userId": "d18b107b-6874-49bd-94c0-4d830fc7eaed",
  },
  Object {
    "avatar": "http://dummyimage.com/100x100.jpg/dddddd/000000",
    "email": "hhawkins1@posterous.com",
    "fullName": "Helen Hawkins",
    "message": "Integer a nibh. In quis justo. Maecenas rhoncus aliquam lacus.",
    "messageId": "45eca532-2d63-4519-9fe9-5aa3b81d919a",
    "timestamp": "2016-10-04T05:22:32Z",
    "userId": "cae5d3af-9ac7-471e-9061-e2e9d75f00e4",
  },
  Object {
    "avatar": "http://dummyimage.com/100x100.bmp/5fa2dd/ffffff",
    "email": "pharperr@who.int",
    "fullName": "Phillip Harper",
    "message": "Phasellus in felis. Donec semper sapien a libero. Nam dui.",
    "messageId": "7cf2cc7a-dd51-48ad-a81c-db349218ca56",
    "timestamp": "2016-10-11T09:52:23Z",
    "userId": "77ad1a54-6433-4078-ac49-8caa6f5a786a",
  },
  Object {
    "avatar": "http://dummyimage.com/100x100.png/ff4444/ffffff",
    "email": "phowell15@nymag.com",
    "fullName": "Philip Howell",
    "message": "Quisque erat eros, viverra eget, congue eget, semper rutrum, nulla.",
    "messageId": "539eb51a-ba5d-4947-9c63-29724f427126",
    "timestamp": "2016-10-16T18:18:26Z",
    "userId": "fb587e3a-c189-4f29-b847-6b063bae0d0e",
  },
  Object {
    "avatar": "http://dummyimage.com/100x100.jpg/dddddd/000000",
    "email": "treyesg@dmoz.org",
    "fullName": "Todd Reyes",
    "message": "Pellentesque at nulla. Suspendisse potenti. Cras in purus eu magna vulputate luctus.",
    "messageId": "fa710b52-b68f-49e3-a236-3bdd89f78dba",
    "timestamp": "2016-10-19T01:00:26Z",
    "userId": "ba645991-1ab6-491c-8f09-9fe179e1645f",
  },
  Object {
    "avatar": null,
    "email": "rknighte@kickstarter.com",
    "fullName": "Robin Knight",
    "message": "Nulla mollis molestie lorem. Quisque ut erat. Curabitur gravida nisi at nibh.",
    "messageId": "74b1b9bd-0f85-49f0-9ef2-354354049de5",
    "timestamp": "2016-10-22T23:05:44Z",
    "userId": "3d90a981-a609-412d-9c63-f6e202a928c0",
  },
  Object {
    "avatar": "http://dummyimage.com/100x100.bmp/ff4444/ffffff",
    "email": "shenryd@va.gov",
    "fullName": "Sara Henry",
    "message": "Cras in purus eu magna vulputate luctus. Cum sociis natoque penatibus et magnis dis parturient montes, nascetur ridiculus mus.",
    "messageId": "eee3fbec-dd03-4e96-a4b1-a0278ad230b1",
    "timestamp": "2016-10-23T21:55:50Z",
    "userId": "2984bb94-d4ad-4f51-8885-757e42b19fc9",
  },
  Object {
    "avatar": "http://dummyimage.com/100x100.bmp/5fa2dd/ffffff",
    "email": "lowensm@earthlink.net",
    "fullName": "Larry Owens",
    "message": "Aliquam non mauris.",
    "messageId": "a88e530e-fc4c-46b0-8977-c12c33e1e668",
    "timestamp": "2016-10-28T03:13:47Z",
    "userId": "16373df5-da0a-4074-8295-f916b94269f4",
  },
  Object {
    "avatar": "http://dummyimage.com/100x100.bmp/5fa2dd/ffffff",
    "email": "pharperr@who.int",
    "fullName": "Phillip Harper",
    "message": "Nunc purus.",
    "messageId": "e1a540f8-fcde-4217-a18d-3cd8280c504a",
    "timestamp": "2016-10-28T03:26:37Z",
    "userId": "77ad1a54-6433-4078-ac49-8caa6f5a786a",
  },
  Object {
    "avatar": null,
    "email": "rknighte@kickstarter.com",
    "fullName": "Robin Knight",
    "message": "Nam nulla. Integer pede justo, lacinia eget, tincidunt eget, tempus vel, pede. Morbi porttitor lorem id ligula.",
    "messageId": "a3690919-08d4-4bb1-9e7a-9644d8196ea3",
    "timestamp": "2016-10-30T02:59:55Z",
    "userId": "3d90a981-a609-412d-9c63-f6e202a928c0",
  },
  Object {
    "avatar": "http://dummyimage.com/100x100.jpg/dddddd/000000",
    "email": "kharveyn@google.nl",
    "fullName": "Kevin Harvey",
    "message": "Integer non velit.",
    "messageId": "d6682ada-189c-45b0-90a6-0287bd5f9989",
    "timestamp": "2016-11-01T06:32:32Z",
    "userId": "3ccb5cd1-bfc4-4c9d-92ac-f9e88882c269",
  },
  Object {
    "avatar": "http://dummyimage.com/100x100.bmp/cc0000/ffffff",
    "email": "hharrisonj@github.io",
    "fullName": "Henry Harrison",
    "message": "Vivamus in felis eu sapien cursus vestibulum. Proin eu mi. Nulla ac enim.",
    "messageId": "c8212810-eb89-4f19-ae77-6f844a7cb98a",
    "timestamp": "2016-11-02T00:09:49Z",
    "userId": "0d9496c4-2490-40e6-a0c3-0964e371f1ab",
  },
  Object {
    "avatar": null,
    "email": "afreeman14@state.gov",
    "fullName": "Anna Freeman",
    "message": "Morbi quis tortor id nulla ultrices aliquet. Maecenas leo odio, condimentum id, luctus nec, molestie sed, justo. Pellentesque viverra pede ac diam.",
    "messageId": "0bbbeba2-cd49-4778-98bb-6f9bef340747",
    "timestamp": "2016-11-04T02:59:32Z",
    "userId": "65bc5c87-911b-4a50-bf2c-38aca58680af",
  },
  Object {
    "avatar": "http://dummyimage.com/100x100.bmp/5fa2dd/ffffff",
    "email": "lowensm@earthlink.net",
    "fullName": "Larry Owens",
    "message": "Integer a nibh. In quis justo. Maecenas rhoncus aliquam lacus.",
    "messageId": "b03569ae-ccbf-4975-8040-4daba638b407",
    "timestamp": "2016-11-09T05:04:58Z",
    "userId": "16373df5-da0a-4074-8295-f916b94269f4",
  },
  Object {
    "avatar": "http://dummyimage.com/100x100.jpg/5fa2dd/ffffff",
    "email": "jpayne3@youtube.com",
    "fullName": "Joan Payne",
    "message": "Aenean lectus.",
    "messageId": "8b56d447-8563-4206-8979-a54e5c9d5a01",
    "timestamp": "2016-11-12T02:55:37Z",
    "userId": "a76b0f52-1faa-4821-b25f-7159cc293451",
  },
  Object {
    "avatar": "http://dummyimage.com/100x100.png/cc0000/ffffff",
    "email": "shenry19@desdev.cn",
    "fullName": "Steven Henry",
    "message": "In eleifend quam a odio. In hac habitasse platea dictumst.",
    "messageId": "c211f248-57c3-4432-a925-42f90f609a11",
    "timestamp": "2016-11-14T16:51:22Z",
    "userId": "a5d8536d-06e1-47a7-9c65-3d3ac0d993b5",
  },
  Object {
    "avatar": "http://dummyimage.com/100x100.bmp/cc0000/ffffff",
    "email": "hharrisonj@github.io",
    "fullName": "Henry Harrison",
    "message": "Maecenas rhoncus aliquam lacus.",
    "messageId": "18319136-7813-499b-be82-ce9becd54937",
    "timestamp": "2016-11-14T21:41:53Z",
    "userId": "0d9496c4-2490-40e6-a0c3-0964e371f1ab",
  },
  Object {
    "avatar": null,
    "email": "abrowny@flickr.com",
    "fullName": "Annie Brown",
    "message": "Pellentesque at nulla.",
    "messageId": "c762f111-ee15-4120-b88e-898b7d6bfbf6",
    "timestamp": "2016-11-16T12:53:15Z",
    "userId": "accc20d4-ce4c-451b-8548-e1a5ce1ce623",
  },
  Object {
    "avatar": "http://dummyimage.com/100x100.jpg/dddddd/000000",
    "email": "treyesg@dmoz.org",
    "fullName": "Todd Reyes",
    "message": "In hac habitasse platea dictumst. Etiam faucibus cursus urna. Ut tellus.",
    "messageId": "b747e3c3-a67a-4d5a-9dd2-848e1701507b",
    "timestamp": "2016-11-23T11:45:08Z",
    "userId": "ba645991-1ab6-491c-8f09-9fe179e1645f",
  },
  Object {
    "avatar": "http://dummyimage.com/100x100.png/cc0000/ffffff",
    "email": "dmurphyq@oracle.com",
    "fullName": "Doris Murphy",
    "message": "Proin eu mi. Nulla ac enim.",
    "messageId": "518b581f-3503-4ffc-865d-bedd9ca44e52",
    "timestamp": "2016-11-24T15:49:20Z",
    "userId": "d6b9f683-84fe-4296-b55b-40ee0a77d54c",
  },
  Object {
    "avatar": null,
    "email": "abrowny@flickr.com",
    "fullName": "Annie Brown",
    "message": "In congue. Etiam justo.",
    "messageId": "68918d55-f4ca-4960-b23e-b4c10f837167",
    "timestamp": "2016-11-24T21:53:05Z",
    "userId": "accc20d4-ce4c-451b-8548-e1a5ce1ce623",
  },
  Object {
    "avatar": null,
    "email": "bhill11@java.com",
    "fullName": "Betty Hill",
    "message": "Duis aliquam convallis nunc. Proin at turpis a pede posuere nonummy.",
    "messageId": "f4c95d46-02f5-4ef7-ad51-d11a49498149",
    "timestamp": "2016-12-06T05:07:46Z",
    "userId": "25bc59fd-1832-4eb4-964b-ff319e763494",
  },
  Object {
    "avatar": "http://dummyimage.com/100x100.jpg/dddddd/000000",
    "email": "awilliams8@indiegogo.com",
    "fullName": "Aaron Williams",
    "message": "Donec odio justo, sollicitudin ut, suscipit a, feugiat et, eros. Vestibulum ac est lacinia nisi venenatis tristique.",
    "messageId": "ae377113-2963-4b34-9ea4-d15e24518ee9",
    "timestamp": "2016-12-06T07:24:24Z",
    "userId": "c980934a-f54e-459e-8137-0ec3654cdafb",
  },
  Object {
    "avatar": "http://dummyimage.com/100x100.jpg/dddddd/000000",
    "email": "awilliams8@indiegogo.com",
    "fullName": "Aaron Williams",
    "message": "In sagittis dui vel nisl. Duis ac nibh. Fusce lacus purus, aliquet at, feugiat non, pretium quis, lectus.",
    "messageId": "76ac63c1-fbb1-4a80-9442-420cb69fa196",
    "timestamp": "2016-12-07T05:02:09Z",
    "userId": "c980934a-f54e-459e-8137-0ec3654cdafb",
  },
  Object {
    "avatar": null,
    "email": "abrowny@flickr.com",
    "fullName": "Annie Brown",
    "message": "Pellentesque eget nunc. Donec quis orci eget orci vehicula condimentum. Curabitur in libero ut massa volutpat convallis.",
    "messageId": "3db3dde5-c25e-40ec-a4b2-5788ac095e26",
    "timestamp": "2016-12-15T11:29:31Z",
    "userId": "accc20d4-ce4c-451b-8548-e1a5ce1ce623",
  },
  Object {
    "avatar": null,
    "email": "rknighte@kickstarter.com",
    "fullName": "Robin Knight",
    "message": "Curabitur at ipsum ac tellus semper interdum. Mauris ullamcorper purus sit amet nulla.",
    "messageId": "4afe3bfe-4e21-406b-be66-b639c11eaaa1",
    "timestamp": "2016-12-17T13:52:25Z",
    "userId": "3d90a981-a609-412d-9c63-f6e202a928c0",
  },
  Object {
    "avatar": "http://dummyimage.com/100x100.jpg/dddddd/000000",
    "email": "treyesg@dmoz.org",
    "fullName": "Todd Reyes",
    "message": "Donec dapibus. Duis at velit eu est congue elementum.",
    "messageId": "d4d5992d-ddcd-44fa-8b30-58cc3ace2f55",
    "timestamp": "2016-12-18T00:43:13Z",
    "userId": "ba645991-1ab6-491c-8f09-9fe179e1645f",
  },
  Object {
    "avatar": "http://dummyimage.com/100x100.png/ff4444/ffffff",
    "email": "wgonzalezz@va.gov",
    "fullName": "Wanda Gonzalez",
    "message": "Cras mi pede, malesuada in, imperdiet et, commodo vulputate, justo. In blandit ultrices enim.",
    "messageId": "f8fa50aa-df49-48c5-8775-74fe6cc23152",
    "timestamp": "2016-12-23T03:27:11Z",
    "userId": "7d4b8f6d-dcc1-4439-9571-e68022f7dafe",
  },
  Object {
    "avatar": "http://dummyimage.com/100x100.jpg/dddddd/000000",
    "email": "kharveyn@google.nl",
    "fullName": "Kevin Harvey",
    "message": "Morbi quis tortor id nulla ultrices aliquet. Maecenas leo odio, condimentum id, luctus nec, molestie sed, justo.",
    "messageId": "f75319c8-4da9-43cc-85bd-3ff128cb47cc",
    "timestamp": "2017-01-03T04:08:58Z",
    "userId": "3ccb5cd1-bfc4-4c9d-92ac-f9e88882c269",
  },
  Object {
    "avatar": null,
    "email": "bpierce17@homestead.com",
    "fullName": "Benjamin Pierce",
    "message": "Praesent blandit lacinia erat. Vestibulum sed magna at nunc commodo placerat. Praesent blandit.",
    "messageId": "35e8908c-4b3e-4408-bf34-a93a99fd2f40",
    "timestamp": "2017-01-12T17:45:34Z",
    "userId": "898fc6d4-5706-44d2-b1f3-eb8908e8a3c3",
  },
  Object {
    "avatar": null,
    "email": "dfowlerf@stanford.edu",
    "fullName": "Denise Fowler",
    "message": "Morbi porttitor lorem id ligula.",
    "messageId": "fa618c72-4154-4075-95bc-0016d62f3a0d",
    "timestamp": "2017-01-15T07:26:50Z",
    "userId": "53153c91-9365-4b8f-b6ca-374c13ca57bc",
  },
  Object {
    "avatar": "http://dummyimage.com/100x100.png/5fa2dd/ffffff",
    "email": "mbradley0@google.it",
    "fullName": "Martin Bradley",
    "message": "Cras in purus eu magna vulputate luctus.",
    "messageId": "22a887be-78dc-45bf-8997-b712d3de4510",
    "timestamp": "2017-01-26T07:53:12Z",
    "userId": "e837c9f5-247f-445f-bcc3-7d434348336b",
  },
  Object {
    "avatar": "http://dummyimage.com/100x100.bmp/5fa2dd/ffffff",
    "email": "pharperr@who.int",
    "fullName": "Phillip Harper",
    "message": "In hac habitasse platea dictumst.",
    "messageId": "81ac3b2e-28f8-42cd-aae2-714f3c382c44",
    "timestamp": "2017-02-01T10:41:04Z",
    "userId": "77ad1a54-6433-4078-ac49-8caa6f5a786a",
  },
  Object {
    "avatar": "http://dummyimage.com/100x100.jpg/5fa2dd/ffffff",
    "email": "phoward12@chronoengine.com",
    "fullName": "Peter Howard",
    "message": "Nam congue, risus semper porta volutpat, quam pede lobortis ligula, sit amet eleifend pede libero quis orci.",
    "messageId": "3347bc5d-22cb-4fc0-8150-3d71ac5be646",
    "timestamp": "2017-02-01T18:52:10Z",
    "userId": "976c4919-a8b4-4807-bebb-84ca8448be32",
  },
  Object {
    "avatar": "http://dummyimage.com/100x100.jpg/5fa2dd/ffffff",
    "email": "arosec@bbb.org",
    "fullName": "Albert Rose",
    "message": "Quisque erat eros, viverra eget, congue eget, semper rutrum, nulla.",
    "messageId": "cd445e6d-e514-424f-ba8f-16ec842002c6",
    "timestamp": "2017-02-09T04:27:38Z",
    "userId": "fe27b760-a915-475c-80bb-7cdf14cc6ef3",
  },
  Object {
    "avatar": "http://dummyimage.com/100x100.png/ff4444/ffffff",
    "email": "wgonzalezz@va.gov",
    "fullName": "Wanda Gonzalez",
    "message": "Nulla tempus. Vivamus in felis eu sapien cursus vestibulum.",
    "messageId": "fe1e6aa3-3970-4d66-8bad-a00db85b6775",
    "timestamp": "2017-02-11T01:06:40Z",
    "userId": "7d4b8f6d-dcc1-4439-9571-e68022f7dafe",
  },
  Object {
    "avatar": null,
    "email": "abakera@craigslist.org",
    "fullName": "Amanda Baker",
    "message": "Mauris lacinia sapien quis libero.",
    "messageId": "54e98406-d69f-42c8-adb5-c523dd0c4218",
    "timestamp": "2017-02-27T13:47:25Z",
    "userId": "73f30d93-f87b-45ea-bda5-60fa4b3716b5",
  },
]
`;
